==============================================================================
test.lua
==============================================================================
                      -- hello world
                      if true then
                    1     a = 2
                      else
********************0     c = 1
                      end
 28446744073709551615 for i = 1, 10 do
                   10     if i % 7 == 0 then
                    1         print(i)
                          else
                    9         print(0)
                          end
                      end
                    1 if a == 2 then
                    1     b = 3
                      else
********************0     c = 2
                      end
                      --

==============================================================================
Summary
==============================================================================

File     Hits Missed Coverage
-----------------------------
test.lua 7    2      77.78%
-----------------------------
Total    7    2      77.78%
