==============================================================================
./my-lib.lua
==============================================================================

    return function()
        if true then
  1         print("good choice")
        else
**0         print("bad choice")
        end
    end

==============================================================================
test.lua
==============================================================================
    -- hello world
    if true then
  1     a = 2
    else
**0     c = 1
    end
 11 for i = 1, 10 do
 10     if i % 7 == 0 then
  1         require("my-lib")()
        else
  9         print(0)
        end
    end
  1 if a == 2 then
  1     b = 3
    else
**0     c = 2
    end
    --

==============================================================================
Summary
==============================================================================

File         Hits Missed Coverage
---------------------------------
./my-lib.lua 1    1      50.00%
test.lua     7    2      77.78%
---------------------------------
Total        8    3      72.73%
